// Jest Snapshot v1, https://goo.gl/fbAQLP

exports[`Title component Matches the snapshot 1`] = `
<h2
  className="MuiTypography-root MuiTypography-h6 MuiTypography-colorPrimary MuiTypography-gutterBottom"
/>
`;
